// Jest Snapshot v1, https://goo.gl/fbAQLP

exports[`MovieDetails renders movie details correctly 1`] = `
<DocumentFragment>
  <div
    class="movie-details"
  >
    <img
      alt="Mock Movie Title"
      class="movie-details__image"
      src="https://image.tmdb.org/t/p/w185/mockPosterPath.jpg"
    />
    <div
      class="movie-details__info"
    >
      <h2
        class="movie-details__title"
      >
        Mock Movie Title
      </h2>
      <p
        class="movie-details__year"
      >
        2022-01-01
      </p>
      <p
        class="movie-details__rating"
      >
        Rating: 8.5
      </p>
      <p
        class="movie-details__duration"
      >
        Duration: 120 min
      </p>
      <p
        class="movie-details__description"
      >
        Mock movie overview
      </p>
    </div>
  </div>
</DocumentFragment>
`;
